tests/test_config_builders_complete.py: note: In member "test_dbt_config_builder_basic_success" of class "TestFlextMeltanoConfigBuildersComplete":
tests/test_config_builders_complete.py:155:20: error: Value of type "object" is
not indexable  [index]
                actual=metadata["created_by"],
                       ^~~~~~~~~~~~~~~~~~~~~~
tests/test_config_builders_complete.py: note: In member "test_create_singer_config_generic_extractor" of class "TestFlextMeltanoConfigBuildersComplete":
tests/test_config_builders_complete.py:268:20: error: Value of type "object" is
not indexable  [index]
                actual=metadata["created_by"],
                       ^~~~~~~~~~~~~~~~~~~~~~
tests/test_config_builders_complete.py: note: In member "test_complete_meltano_project_config_workflow" of class "TestFlextMeltanoConfigBuildersComplete":
tests/test_config_builders_complete.py:453:24: error: Value of type "object" is
not indexable  [index]
                    actual=metadata["created_by"],
                           ^~~~~~~~~~~~~~~~~~~~~~
tests/test_config_builders_complete.py: note: In member "test_type_safety_and_constraints" of class "TestFlextMeltanoConfigBuildersComplete":
tests/test_config_builders_complete.py:520:22: error: Call to untyped function
(unknown) in typed context  [no-untyped-call]
                result = method()
                         ^~~~~~~~
tests/test_adapters_real.py: note: In member "test_add_plugin" of class "TestFlextMeltanoAdapterReal":
tests/test_adapters_real.py:116:38: error: Argument 1 to "Path" has
incompatible type "str | int | float | bool | None"; expected
"str | PathLike[str]"  [arg-type]
                        project_dir=Path(project["root"]),
                                         ^~~~~~~~~~~~~~~
tests/test_adapters_complete.py: note: In member "test_add_plugin_functional" of class "TestFlextMeltanoAdapterComplete":
tests/test_adapters_complete.py:220:38: error: Argument 1 to "Path" has
incompatible type "str | int | float | bool | None"; expected
"str | PathLike[str]"  [arg-type]
                        project_dir=Path(project["root"]),
                                         ^~~~~~~~~~~~~~~
tests/test_adapters_complete.py: note: In member "test_plugin_discovery_get_plugin_info" of class "TestFlextMeltanoAdapterComplete":
tests/test_adapters_complete.py:415:18: error: "object" has no attribute
"get_plugin_info"  [attr-defined]
            result = plugin_discovery.get_plugin_info(
                     ^~~~~~~~~~~~~~~~~~~~~~~~~~~~~~~~
tests/test_adapters_complete.py: note: In member "test_elt_coordinator_execute_pipeline" of class "TestFlextMeltanoAdapterComplete":
tests/test_adapters_complete.py:440:29: error: Argument "project" to
"execute_pipeline" of "FlextMeltanoAdapter" has incompatible type
"dict[str, str]"; expected "Project"  [arg-type]
                        project=project,
                                ^~~~~~~
tests/test_adapters_complete.py: note: In member "test_adapter_with_different_configurations" of class "TestFlextMeltanoAdapterComplete":
tests/test_adapters_complete.py:530:55: error: Argument 1 to "adapt_plugin" of
"FlextMeltanoAdapter" has incompatible type "dict[str, str]"; expected
"dict[str, object]"  [arg-type]
                result = FlextMeltanoAdapter.adapt_plugin(config)
                                                          ^~~~~~
tests/test_adapters_complete.py:530:55: note: "dict" is invariant -- see https://mypy.readthedocs.io/en/stable/common_issues.html#variance
tests/test_adapters_complete.py:530:55: note: Consider using "Mapping" instead, which is covariant in the value type
tests/test_adapters_complete.py: note: In member "test_project_config_with_complex_structure" of class "TestFlextMeltanoAdapterComplete":
tests/test_adapters_complete.py:557:59: error: Argument 1 to
"adapt_project_config" of "FlextMeltanoAdapter" has incompatible type
"dict[str, Collection[str]]"; expected "dict[str, object]"  [arg-type]
    ...     result = FlextMeltanoAdapter.adapt_project_config(complex_config)
                                                              ^~~~~~~~~~~~~~
tests/test_adapters_complete.py:557:59: note: "dict" is invariant -- see https://mypy.readthedocs.io/en/stable/common_issues.html#variance
tests/test_adapters_complete.py:557:59: note: Consider using "Mapping" instead, which is covariant in the value type
tests/test_utilities_real_fixed.py: note: In member "test_save_yaml_config" of class "TestFlextMeltanoUtilitiesRealMethods":
tests/test_utilities_real_fixed.py:246:13: error: Dict entry 2 has incompatible
type "str": "dict[str, list[Never]]"; expected "str": "str | int | float | None"
 [dict-item]
                "plugins": {"extractors": [], "loaders": [], "transformers...
                ^~~~~~~~~~~~~~~~~~~~~~~~~~~~~~~~~~~~~~~~~~~~~~~~~~~~~~~~~~...
tests/test_utilities_real_fixed.py:252:62: error: Argument 1 to
"write_meltano_yml" of "FlextMeltanoUtilities" has incompatible type
"dict[str, str | int | float | bool | None]"; expected "dict[str, object]" 
[arg-type]
    ... result = FlextMeltanoUtilities.write_meltano_yml(config, target_path)
                                                         ^~~~~~
tests/test_utilities_real_fixed.py:252:62: note: "dict" is invariant -- see https://mypy.readthedocs.io/en/stable/common_issues.html#variance
tests/test_utilities_real_fixed.py:252:62: note: Consider using "Mapping" instead, which is covariant in the value type
tests/test_utilities_real_fixed.py: note: In member "test_write_meltano_yml" of class "TestFlextMeltanoUtilitiesRealMethods":
tests/test_utilities_real_fixed.py:267:13: error: Dict entry 2 has incompatible
type "str": "dict[str, list[Never]]"; expected "str": "str | int | float | None"
 [dict-item]
                "plugins": {"extractors": [], "loaders": [], "transformers...
                ^~~~~~~~~~~~~~~~~~~~~~~~~~~~~~~~~~~~~~~~~~~~~~~~~~~~~~~~~~...
tests/test_utilities_real_fixed.py:273:62: error: Argument 1 to
"write_meltano_yml" of "FlextMeltanoUtilities" has incompatible type
"dict[str, str | int | float | bool | None]"; expected "dict[str, object]" 
[arg-type]
    ... result = FlextMeltanoUtilities.write_meltano_yml(config, target_path)
                                                         ^~~~~~
tests/test_utilities_real_fixed.py:273:62: note: "dict" is invariant -- see https://mypy.readthedocs.io/en/stable/common_issues.html#variance
tests/test_utilities_real_fixed.py:273:62: note: Consider using "Mapping" instead, which is covariant in the value type
tests/test_target_abstractions_comprehensive.py: note: In member "test_create_flext_target_postgres" of class "TestFlextTargetAbstractionsComprehensive":
tests/test_target_abstractions_comprehensive.py:305:27: error: Redundant cast
to "dict[str, object]"  [redundant-cast]
            target_instance = cast("dict[str, object]", result.value)
                              ^
tests/test_target_abstractions_comprehensive.py: note: In member "test_create_flext_target_csv" of class "TestFlextTargetAbstractionsComprehensive":
tests/test_target_abstractions_comprehensive.py:331:13: error: Value of type
"object" is not indexable  [index]
                target_instance["config"]["connection_config"]["file_path"...
                ^~~~~~~~~~~~~~~~~~~~~~~~~~~~~~~~~~~~~~~~~~~~~~
tests/test_target_abstractions_comprehensive.py: note: In member "test_create_flext_target_performance" of class "TestFlextTargetAbstractionsComprehensive":
tests/test_target_abstractions_comprehensive.py:391:18: error: "object" not
callable  [operator]
            result = benchmark(create_target)
                     ^~~~~~~~~~~~~~~~~~~~~~~~
tests/test_target_abstractions_comprehensive.py: note: In member "test_target_abstractions_error_handling" of class "TestFlextTargetAbstractionsComprehensive":
tests/test_target_abstractions_comprehensive.py:503:22: error: Argument after
** must be a mapping, not "object"  [arg-type]
                result = self.target_abstractions.create_flext_target_conf...
                         ^~~~~~~~~~~~~~~~~~~~~~~~~~~~~~~~~~~~~~~~~~~~~~~~~...
tests/test_target_abstractions_comprehensive.py: note: In member "test_target_abstractions_edge_cases" of class "TestFlextTargetAbstractionsComprehensive":
tests/test_target_abstractions_comprehensive.py:515:20: error: Argument
"config" to "create_flext_target" of "FlextTargetAbstractions" has incompatible
type "dict[str, Collection[str]]"; expected "dict[str, object]"  [arg-type]
                config=minimal_config, adapter=None
                       ^~~~~~~~~~~~~~
tests/test_target_abstractions_comprehensive.py:515:20: note: "dict" is invariant -- see https://mypy.readthedocs.io/en/stable/common_issues.html#variance
tests/test_target_abstractions_comprehensive.py:515:20: note: Consider using "Mapping" instead, which is covariant in the value type
tests/test_target_abstractions_comprehensive.py: note: In member "test_target_abstractions_concurrent_operations" of class "TestFlextTargetAbstractionsComprehensive":
tests/test_target_abstractions_comprehensive.py:543:54: error: Argument 1 to
"assert_result_success" of "FlextTestsMatchers" has incompatible type "object";
expected "FlextResult[Never]"  [arg-type]
                FlextTestsMatchers.assert_result_success(result)
                                                         ^~~~~~
tests/test_target_abstractions_comprehensive.py:544:31: error: "object" has no
attribute "value"  [attr-defined]
                assert isinstance(result.value, dict)
                                  ^~~~~~~~~~~~
tests/test_target_abstractions_comprehensive.py: note: In member "test_target_memory_usage_tracking" of class "TestFlextTargetAbstractionsComprehensive":
tests/test_target_abstractions_comprehensive.py:563:20: error: Argument 1 to
"len" has incompatible type "object"; expected "Sized"  [arg-type]
            assert len(config.get("config_extras", {})) == 100
                       ^~~~~~~~~~~~~~~~~~~~~~~~~~~~~~~
tests/test_target_abstractions_comprehensive.py: note: In member "test_target_config_parametrized_creation" of class "TestFlextTargetAbstractionsComprehensive":
tests/test_target_abstractions_comprehensive.py:588:52: error: Missing type
parameters for generic type "dict"  [type-arg]
            self, target_type: str, connection_config: dict
                                                       ^
tests/test_target_abstractions_comprehensive.py: note: In member "test_basic_functionality_coverage" of class "TestFlextTargetAbstractionsCoverageEnhancement":
tests/test_target_abstractions_comprehensive.py:622:64: error: Argument 1 to
"get_target_type" of "FlextTargetAbstractions" has incompatible type
"dict[str, Collection[str]]"; expected "dict[str, object]"  [arg-type]
    ... target_type = self.target_abstractions.get_target_type(target_config)
                                                               ^~~~~~~~~~~~~
tests/test_target_abstractions_comprehensive.py:622:64: note: "dict" is invariant -- see https://mypy.readthedocs.io/en/stable/common_issues.html#variance
tests/test_target_abstractions_comprehensive.py:622:64: note: Consider using "Mapping" instead, which is covariant in the value type
tests/test_target_abstractions_comprehensive.py:632:56: error: Argument 1 to
"list_streams" of "FlextTargetAbstractions" has incompatible type
"dict[str, Collection[str]]"; expected "dict[str, object]"  [arg-type]
            result = self.target_abstractions.list_streams(target_data)
                                                           ^~~~~~~~~~~
tests/test_target_abstractions_comprehensive.py:632:56: note: "dict" is invariant -- see https://mypy.readthedocs.io/en/stable/common_issues.html#variance
tests/test_target_abstractions_comprehensive.py:632:56: note: Consider using "Mapping" instead, which is covariant in the value type
tests/test_target_abstractions_comprehensive.py: note: In member "test_utility_and_audit_methods" of class "TestFlextTargetAbstractionsCoverageEnhancement":
tests/test_target_abstractions_comprehensive.py:683:18: error: Incompatible
types in assignment (expression has type "dict[str, str] | None", variable has
type "str | None")  [assignment]
            result = data.get("nonexistent", {}).get("path")
                     ^~~~~~~~~~~~~~~~~~~~~~~~~~~~~~~~~~~~~~~
tests/test_target_abstractions_comprehensive.py: note: In member "test_domain_events_and_lifecycle" of class "TestFlextTargetAbstractionsCoverageEnhancement":
tests/test_target_abstractions_comprehensive.py:695:64: error: Argument 1 to
"get_target_type" of "FlextTargetAbstractions" has incompatible type
"dict[str, Collection[str]]"; expected "dict[str, object]"  [arg-type]
    ...  target_type = self.target_abstractions.get_target_type(dummy_target)
                                                                ^~~~~~~~~~~~
tests/test_target_abstractions_comprehensive.py:695:64: note: "dict" is invariant -- see https://mypy.readthedocs.io/en/stable/common_issues.html#variance
tests/test_target_abstractions_comprehensive.py:695:64: note: Consider using "Mapping" instead, which is covariant in the value type
tests/test_target_abstractions_comprehensive.py:700:18: error: Incompatible
types in assignment (expression has type "FlextResult[dict[str, object]]",
variable has type "FlextResult[FlextTargetAbstractions]")  [assignment]
            result = self.target_abstractions.finalize(target_data)
                     ^~~~~~~~~~~~~~~~~~~~~~~~~~~~~~~~~~~~~~~~~~~~~~
tests/test_target_abstractions_comprehensive.py:700:52: error: Argument 1 to
"finalize" of "FlextTargetAbstractions" has incompatible type
"dict[str, Collection[str]]"; expected "dict[str, object]"  [arg-type]
            result = self.target_abstractions.finalize(target_data)
                                                       ^~~~~~~~~~~
tests/test_target_abstractions_comprehensive.py:700:52: note: "dict" is invariant -- see https://mypy.readthedocs.io/en/stable/common_issues.html#variance
tests/test_target_abstractions_comprehensive.py:700:52: note: Consider using "Mapping" instead, which is covariant in the value type
tests/test_target_abstractions_complete.py: note: In member "test_create_flext_target_config" of class "TestFlextTargetAbstractionsComplete":
tests/test_target_abstractions_complete.py:132:31: error: Argument
"connection_config" to "create_flext_target_config" of "FlextTargetAbstractions"
has incompatible type "dict[str, str]"; expected "dict[str, object]"  [arg-type]
                connection_config=connection_config,
                                  ^~~~~~~~~~~~~~~~~
tests/test_target_abstractions_complete.py:132:31: note: "dict" is invariant -- see https://mypy.readthedocs.io/en/stable/common_issues.html#variance
tests/test_target_abstractions_complete.py:132:31: note: Consider using "Mapping" instead, which is covariant in the value type
tests/test_target_abstractions_complete.py: note: In member "test_target_workflow_integration" of class "TestFlextTargetAbstractionsComplete":
tests/test_target_abstractions_complete.py:265:52: error: Argument
"connection_config" to "create_flext_target_config" of "FlextTargetAbstractions"
has incompatible type "dict[str, str]"; expected "dict[str, object]"  [arg-type]
    ...          target_type="jsonl", connection_config=connection_config, ba...
                                                        ^~~~~~~~~~~~~~~~~
tests/test_target_abstractions_complete.py:265:52: note: "dict" is invariant -- see https://mypy.readthedocs.io/en/stable/common_issues.html#variance
tests/test_target_abstractions_complete.py:265:52: note: Consider using "Mapping" instead, which is covariant in the value type
tests/test_target_abstractions_complete.py: note: In member "test_field_validators_error_coverage" of class "TestFlextTargetAbstractionsComplete":
tests/test_target_abstractions_complete.py:294:13: error: "TestAssertion" has
no attribute "assert_fail"; maybe "assert_false" or "assert_in"?  [attr-defined]
                self.test_assertions.assert_fail(
                ^~~~~~~~~~~~~~~~~~~~~~~~~~~~~~~~
tests/test_target_abstractions_complete.py:311:13: error: "TestAssertion" has
no attribute "assert_fail"; maybe "assert_false" or "assert_in"?  [attr-defined]
                self.test_assertions.assert_fail(
                ^~~~~~~~~~~~~~~~~~~~~~~~~~~~~~~~
tests/test_target_abstractions_complete.py: note: In member "test_message_processing_comprehensive" of class "TestFlextTargetAbstractionsComplete":
tests/test_target_abstractions_complete.py:328:70: error: Argument 1 to
"create_flext_target" of "FlextTargetAbstractions" has incompatible type
"dict[str, Collection[str]]"; expected "dict[str, object]"  [arg-type]
    ...t_result = self.target_abstractions.create_flext_target(target_config)
                                                               ^~~~~~~~~~~~~
tests/test_target_abstractions_complete.py:328:70: note: "dict" is invariant -- see https://mypy.readthedocs.io/en/stable/common_issues.html#variance
tests/test_target_abstractions_complete.py:328:70: note: Consider using "Mapping" instead, which is covariant in the value type
tests/test_target_abstractions_complete.py:337:30: error: Argument 3 to
"process_schema_message" of "FlextTargetAbstractions" has incompatible type
"dict[str, dict[str, dict[str, str]]]"; expected "dict[str, object]"  [arg-type]
                target, "users", schema
                                 ^~~~~~
tests/test_target_abstractions_complete.py:337:30: note: "dict" is invariant -- see https://mypy.readthedocs.io/en/stable/common_issues.html#variance
tests/test_target_abstractions_complete.py:337:30: note: Consider using "Mapping" instead, which is covariant in the value type
tests/test_target_abstractions_complete.py:369:79: error: Argument 2 to
"process_state_message" of "FlextTargetAbstractions" has incompatible type
"dict[str, Collection[str]]"; expected "dict[str, object]"  [arg-type]
    ...result = self.target_abstractions.process_state_message(target, state)
                                                                       ^~~~~
tests/test_target_abstractions_complete.py:369:79: note: "dict" is invariant -- see https://mypy.readthedocs.io/en/stable/common_issues.html#variance
tests/test_target_abstractions_complete.py:369:79: note: Consider using "Mapping" instead, which is covariant in the value type
tests/test_target_abstractions_complete.py: note: In member "test_message_processing_errors" of class "TestFlextTargetAbstractionsComplete":
tests/test_target_abstractions_complete.py:385:70: error: Argument 1 to
"create_flext_target" of "FlextTargetAbstractions" has incompatible type
"dict[str, Collection[str]]"; expected "dict[str, object]"  [arg-type]
    ...t_result = self.target_abstractions.create_flext_target(target_config)
                                                               ^~~~~~~~~~~~~
tests/test_target_abstractions_complete.py:385:70: note: "dict" is invariant -- see https://mypy.readthedocs.io/en/stable/common_issues.html#variance
tests/test_target_abstractions_complete.py:385:70: note: Consider using "Mapping" instead, which is covariant in the value type
tests/test_target_abstractions_complete.py: note: In member "test_data_loading_methods" of class "TestFlextTargetAbstractionsComplete":
tests/test_target_abstractions_complete.py:414:70: error: Argument 1 to
"create_flext_target" of "FlextTargetAbstractions" has incompatible type
"dict[str, Collection[str]]"; expected "dict[str, object]"  [arg-type]
    ...t_result = self.target_abstractions.create_flext_target(target_config)
                                                               ^~~~~~~~~~~~~
tests/test_target_abstractions_complete.py:414:70: note: "dict" is invariant -- see https://mypy.readthedocs.io/en/stable/common_issues.html#variance
tests/test_target_abstractions_complete.py:414:70: note: Consider using "Mapping" instead, which is covariant in the value type
tests/test_target_abstractions_complete.py:419:30: error: Argument 3 to
"process_schema_message" of "FlextTargetAbstractions" has incompatible type
"dict[str, dict[str, dict[str, str]]]"; expected "dict[str, object]"  [arg-type]
                target, "users", schema
                                 ^~~~~~
tests/test_target_abstractions_complete.py:419:30: note: "dict" is invariant -- see https://mypy.readthedocs.io/en/stable/common_issues.html#variance
tests/test_target_abstractions_complete.py:419:30: note: Consider using "Mapping" instead, which is covariant in the value type
tests/test_target_abstractions_complete.py: note: In member "test_target_finalization" of class "TestFlextTargetAbstractionsComplete":
tests/test_target_abstractions_complete.py:479:70: error: Argument 1 to
"create_flext_target" of "FlextTargetAbstractions" has incompatible type
"dict[str, Collection[str]]"; expected "dict[str, object]"  [arg-type]
    ...t_result = self.target_abstractions.create_flext_target(target_config)
                                                               ^~~~~~~~~~~~~
tests/test_target_abstractions_complete.py:479:70: note: "dict" is invariant -- see https://mypy.readthedocs.io/en/stable/common_issues.html#variance
tests/test_target_abstractions_complete.py:479:70: note: Consider using "Mapping" instead, which is covariant in the value type
tests/test_target_abstractions_complete.py:485:30: error: Argument 3 to
"process_schema_message" of "FlextTargetAbstractions" has incompatible type
"dict[str, dict[str, dict[str, str]]]"; expected "dict[str, object]"  [arg-type]
                target, "users", schema
                                 ^~~~~~
tests/test_target_abstractions_complete.py:485:30: note: "dict" is invariant -- see https://mypy.readthedocs.io/en/stable/common_issues.html#variance
tests/test_target_abstractions_complete.py:485:30: note: Consider using "Mapping" instead, which is covariant in the value type
tests/test_target_abstractions_complete.py:517:23: error: Unsupported operand
types for <= ("int" and "object")  [operator]
                condition=finalization_info["total_records"] >= 2,
                          ^
tests/test_target_abstractions_complete.py: note: In member "test_query_and_utility_methods" of class "TestFlextTargetAbstractionsComplete":
tests/test_target_abstractions_complete.py:528:70: error: Argument 1 to
"create_flext_target" of "FlextTargetAbstractions" has incompatible type
"dict[str, Collection[str]]"; expected "dict[str, object]"  [arg-type]
    ...t_result = self.target_abstractions.create_flext_target(target_config)
                                                               ^~~~~~~~~~~~~
tests/test_target_abstractions_complete.py:528:70: note: "dict" is invariant -- see https://mypy.readthedocs.io/en/stable/common_issues.html#variance
tests/test_target_abstractions_complete.py:528:70: note: Consider using "Mapping" instead, which is covariant in the value type
tests/test_target_abstractions_complete.py:533:30: error: Argument 3 to
"process_schema_message" of "FlextTargetAbstractions" has incompatible type
"dict[str, dict[str, dict[str, str]]]"; expected "dict[str, object]"  [arg-type]
                target, "users", schema
                                 ^~~~~~
tests/test_target_abstractions_complete.py:533:30: note: "dict" is invariant -- see https://mypy.readthedocs.io/en/stable/common_issues.html#variance
tests/test_target_abstractions_complete.py:533:30: note: Consider using "Mapping" instead, which is covariant in the value type
tests/test_target_abstractions_complete.py: note: In member "test_error_handling_edge_cases" of class "TestFlextTargetAbstractionsComplete":
tests/test_target_abstractions_complete.py:661:70: error: Argument 1 to
"create_flext_target" of "FlextTargetAbstractions" has incompatible type
"dict[str, Collection[str]]"; expected "dict[str, object]"  [arg-type]
    ...t_result = self.target_abstractions.create_flext_target(target_config)
                                                               ^~~~~~~~~~~~~
tests/test_target_abstractions_complete.py:661:70: note: "dict" is invariant -- see https://mypy.readthedocs.io/en/stable/common_issues.html#variance
tests/test_target_abstractions_complete.py:661:70: note: Consider using "Mapping" instead, which is covariant in the value type
tests/test_executors_bridge_complete.py: note: In function "test_run_plugin_async":
tests/test_executors_bridge_complete.py:222:17: error: No return value expected
 [return-value]
                    return await self.bridge.run_plugin_async(
                    ^
tests/test_executors_bridge_complete.py: note: In member "test_multiple_bridge_operations" of class "TestFlextMeltanoBridgeComplete":
tests/test_executors_bridge_complete.py:255:22: error: Cannot call function of
unknown type  [operator]
                result = operation()
                         ^~~~~~~~~~~
tests/test_executors_bridge_complete.py: note: In member "test_bridge_with_different_plugins" of class "TestFlextMeltanoBridgeComplete":
tests/test_executors_bridge_complete.py:298:13: error: List item 0 has
incompatible type "tuple[str, str]"; expected "dict[str, object]"  [list-item]
                ("extractors", "tap-csv"),
                ^~~~~~~~~~~~~~~~~~~~~~~~~
tests/test_executors_bridge_complete.py:299:13: error: List item 1 has
incompatible type "tuple[str, str]"; expected "dict[str, object]"  [list-item]
                ("loaders", "target-jsonl"),
                ^~~~~~~~~~~~~~~~~~~~~~~~~~~
tests/test_executors_bridge_complete.py:300:13: error: List item 2 has
incompatible type "tuple[str, str]"; expected "dict[str, object]"  [list-item]
                ("transformers", "dbt"),
                ^~~~~~~~~~~~~~~~~~~~~~~
tests/test_executors_bridge_complete.py: note: In member "test_pipeline_execution_patterns" of class "TestFlextMeltanoBridgeComplete":
tests/test_executors_bridge_complete.py:311:13: error: List item 0 has
incompatible type "tuple[str, str]"; expected "dict[str, object]"  [list-item]
                ("tap-csv", "target-jsonl"),
                ^~~~~~~~~~~~~~~~~~~~~~~~~~~
tests/test_executors_bridge_complete.py:312:13: error: List item 1 has
incompatible type "tuple[str, str]"; expected "dict[str, object]"  [list-item]
                ("tap-postgres", "target-postgres"),
                ^~~~~~~~~~~~~~~~~~~~~~~~~~~~~~~~~~~
tests/test_executors_bridge_complete.py:313:13: error: List item 2 has
incompatible type "tuple[str, str]"; expected "dict[str, object]"  [list-item]
                ("tap-github", "target-bigquery"),
                ^~~~~~~~~~~~~~~~~~~~~~~~~~~~~~~~~
tests/test_executors_bridge_complete.py: note: In member "test_error_recovery_patterns" of class "TestFlextMeltanoBridgeComplete":
tests/test_executors_bridge_complete.py:487:22: error: Call to untyped function
(unknown) in typed context  [no-untyped-call]
                result = operation()
                         ^~~~~~~~~~~
tests/test_executors_complete.py: note: In member "test_flext_meltano_invoke" of class "TestFlextMeltanoExecutorComplete":
tests/test_executors_complete.py:298:64: error: Argument 2 to
"flext_meltano_invoke" of "FlextMeltanoExecutor" has incompatible type
"list[Never]"; expected "str"  [arg-type]
            result = self.executor.flext_meltano_invoke("version", [])
                                                                   ^~
tests/test_executors_complete.py: note: In member "test_click_version_command_infrastructure" of class "TestFlextMeltanoExecutorComplete":
tests/test_executors_complete.py:635:32: error: Argument 1 to "invoke" of
"CliRunner" has incompatible type "object"; expected "Command"  [arg-type]
            result = runner.invoke(cli_app, ["version"], catch_exceptions=...
                                   ^~~~~~~
tests/test_executors_complete.py:640:32: error: Argument 1 to "invoke" of
"CliRunner" has incompatible type "object"; expected "Command"  [arg-type]
            result = runner.invoke(cli_app, ["--debug", "version"], catch_...
                                   ^~~~~~~
tests/test_executors_complete.py: note: In member "test_click_health_command_infrastructure" of class "TestFlextMeltanoExecutorComplete":
tests/test_executors_complete.py:652:16: error: Unsupported right operand type
for in ("object")  [operator]
            assert "name" in cli_app, "CLI should have name property"
                   ^~~~~~~~~~~~~~~~~
tests/test_executors_complete.py:653:16: error: Unsupported right operand type
for in ("object")  [operator]
            assert "executor" in cli_app, "CLI should have executor proper...
                   ^~~~~~~~~~~~~~~~~~~~~
tests/test_executors_complete.py:656:20: error: Value of type "object" is not
indexable  [index]
            executor = cli_app["executor"]
                       ^~~~~~~~~~~~~~~~~~~
tests/test_executors_complete.py: note: In member "test_click_run_command_infrastructure" of class "TestFlextMeltanoExecutorComplete":
tests/test_executors_complete.py:683:16: error: Unsupported right operand type
for in ("object")  [operator]
            assert "executor" in cli_app
                   ^~~~~~~~~~~~~~~~~~~~~
tests/test_executors_complete.py:684:20: error: Value of type "object" is not
indexable  [index]
            executor = cli_app["executor"]
                       ^~~~~~~~~~~~~~~~~~~
tests/test_executors_complete.py: note: In member "test_cli_command_error_paths" of class "TestFlextMeltanoExecutorComplete":
tests/test_executors_complete.py:712:36: error: Argument 1 to "invoke" of
"CliRunner" has incompatible type "object"; expected "Command"  [arg-type]
                result = runner.invoke(cli_app, ["version"], catch_excepti...
                                       ^~~~~~~
tests/test_executors_complete.py:722:36: error: Argument 1 to "invoke" of
"CliRunner" has incompatible type "object"; expected "Command"  [arg-type]
                result = runner.invoke(cli_app, ["health"], catch_exceptio...
                                       ^~~~~~~
tests/test_executors_complete.py:732:36: error: Argument 1 to "invoke" of
"CliRunner" has incompatible type "object"; expected "Command"  [arg-type]
                result = runner.invoke(cli_app, ["plugins"], catch_excepti...
                                       ^~~~~~~
tests/test_executors_complete.py:743:17: error: Argument 1 to "invoke" of
"CliRunner" has incompatible type "object"; expected "Command"  [arg-type]
                    cli_app, ["run", "tap-csv", "target-jsonl"], catch_exc...
                    ^~~~~~~
tests/test_executors_complete.py: note: In member "test_cli_format_result_paths" of class "TestFlextMeltanoExecutorComplete":
tests/test_executors_complete.py:757:16: error: Unsupported right operand type
for in ("object")  [operator]
            assert "executor" in cli_app
                   ^~~~~~~~~~~~~~~~~~~~~
tests/test_executors_complete.py:758:20: error: Value of type "object" is not
indexable  [index]
            executor = cli_app["executor"]
                       ^~~~~~~~~~~~~~~~~~~
